* This is the StructMobWeight report file that is output every time the server starts.
* 
* Spawn Balance Utility (SBU) will use this file ONLY if it is renamed to StructMobWeight.csv.
* Lines starting with '*' are comments and ignored
* It allows you to add and remove mobs and adjust their spawnweights for Structures
* like shipwrecks, nether fortresses, water monuments, etc.
* 
1, ad_astra_more_structures:abandoned_base, HEADING, header:ignore, 0, 0, 0
2, foolish:abandoned_bunker, HEADING, header:ignore, 0, 0, 0
3, legendary_monsters:abandoned_crypt, HEADING, header:ignore, 0, 0, 0
4, idas:abandoned_lighthouse, HEADING, header:ignore, 0, 0, 0
5, incendium:abandoned_tower, HEADING, header:ignore, 0, 0, 0
6, idas:abandoned_vineyard, HEADING, header:ignore, 0, 0, 0
7, idas:abandonedhouse, HEADING, header:ignore, 0, 0, 0
8, alexscaves:abyssal_ruins, HEADING, header:ignore, 0, 0, 0
9, alexscaves:abyssal_ruins, MONSTER, alexscaves:mine_guardian, 20, 1, 2
10, mvs:acacia_log_pile, HEADING, header:ignore, 0, 0, 0
11, mvs:acacia_tree, HEADING, header:ignore, 0, 0, 0
12, mvs:acacia_well, HEADING, header:ignore, 0, 0, 0
13, alexscaves:acid_pit, HEADING, header:ignore, 0, 0, 0
14, cataclysm:acropolis, HEADING, header:ignore, 0, 0, 0
15, underground_rooms:alchemy_room, HEADING, header:ignore, 0, 0, 0
16, irons_spellbooks:ancient_battleground, HEADING, header:ignore, 0, 0, 0
17, minecraft:ancient_city, HEADING, header:ignore, 0, 0, 0
18, cataclysm:ancient_factory, HEADING, header:ignore, 0, 0, 0
19, idas:ancient_mines, HEADING, header:ignore, 0, 0, 0
20, idas:ancient_mines, MONSTER, minecraft:silverfish, 1, 1, 1
21, idas:ancient_mines, MONSTER, quark:wraith, 1, 1, 1
22, terramity:ancient_outcrop, HEADING, header:ignore, 0, 0, 0
23, idas:ancient_portal/ancient_portal, HEADING, header:ignore, 0, 0, 0
24, idas:ancient_portal/ancient_portal, MONSTER, minecraft:silverfish, 3, 1, 4
25, idas:ancient_portal/ancient_portal, MONSTER, quark:wraith, 3, 1, 4
26, idas:ancient_portal/nether_ancient_portal, HEADING, header:ignore, 0, 0, 0
27, idas:ancient_portal/nether_ancient_portal, MONSTER, quark:wraith, 10, 1, 1
28, idas:ancient_statue/ancient_statue_desert, HEADING, header:ignore, 0, 0, 0
29, idas:ancient_statue/ancient_statue_jungle, HEADING, header:ignore, 0, 0, 0
30, idas:ancient_statue/ancient_statue_plains, HEADING, header:ignore, 0, 0, 0
31, legendary_monsters:ancient_stronghold, HEADING, header:ignore, 0, 0, 0
32, ati_structures:ancient_temple, HEADING, header:ignore, 0, 0, 0
33, ati_structures:ancient_temple, MONSTER, minecraft:slime, 1, 1, 2
34, deeperdarker:ancient_temple, HEADING, header:ignore, 0, 0, 0
35, legendary_monsters:ancient_tower_remains, HEADING, header:ignore, 0, 0, 0
36, ati_structures:ancient_vessel, HEADING, header:ignore, 0, 0, 0
37, mythsandlegends:ancient_vestiges, HEADING, header:ignore, 0, 0, 0
38, mythsandlegends:ancient_vestiges, MONSTER, mythsandlegends:possessed_armor, 1, 1, 1
39, idas:animal_den/forest_den, HEADING, header:ignore, 0, 0, 0
40, idas:animal_den/foxhound_den, HEADING, header:ignore, 0, 0, 0
41, idas:animal_den/polar_bear_den, HEADING, header:ignore, 0, 0, 0
42, idas:apothecary_abode, HEADING, header:ignore, 0, 0, 0
43, traveloptics:aqua_mage_tower, HEADING, header:ignore, 0, 0, 0
44, traveloptics:aqua_mage_tower, CREATURE, minecraft:parrot, 1, 1, 4
45, ati_structures:arachnid_dwelling, HEADING, header:ignore, 0, 0, 0
46, ars_additions:arcane_library, HEADING, header:ignore, 0, 0, 0
47, ars_additions:arcane_library, MONSTER, ars_nouveau:wilden_guardian, 5, 5, 10
48, ars_additions:arcane_library, MONSTER, ars_nouveau:wilden_stalker, 5, 5, 10
49, ars_additions:arcane_library, MONSTER, ars_nouveau:wilden_hunter, 5, 5, 10
50, foolish:archaic_library, HEADING, header:ignore, 0, 0, 0
51, idas:ars_nouveau/archmages_tower, HEADING, header:ignore, 0, 0, 0
52, foolish:ashen_temple, HEADING, header:ignore, 0, 0, 0
53, mes:astral_hideaway, HEADING, header:ignore, 0, 0, 0
54, mes:astral_meteorite, HEADING, header:ignore, 0, 0, 0
55, ati_structures:ati_stoneworks, HEADING, header:ignore, 0, 0, 0
56, mvs:azelea_house, HEADING, header:ignore, 0, 0, 0
57, hexerei:baba_yaga_hut, HEADING, header:ignore, 0, 0, 0
58, explorify:badlands_pyramid, HEADING, header:ignore, 0, 0, 0
59, vintagevibes:badlands_ruins, HEADING, header:ignore, 0, 0, 0
60, bakery:bakery, HEADING, header:ignore, 0, 0, 0
61, bakery:bakery, CREATURE, minecraft:pig, 1, 1, 4
62, mvs:barn, HEADING, header:ignore, 0, 0, 0
63, minecraft:bastion_remnant, HEADING, header:ignore, 0, 0, 0
64, idas:bazaar, HEADING, header:ignore, 0, 0, 0
65, mvs:beach_bar, HEADING, header:ignore, 0, 0, 0
66, beachparty:beach_hut, HEADING, header:ignore, 0, 0, 0
67, idas:bearclaw_inn, HEADING, header:ignore, 0, 0, 0
68, mvs:bee_dome, HEADING, header:ignore, 0, 0, 0
69, idas:beekeepers_house, HEADING, header:ignore, 0, 0, 0
70, tameablebeasts:beetle_nest, HEADING, header:ignore, 0, 0, 0
71, tameablebeasts:beetle_nest, CREATURE, tameablebeasts:tameable_beetle, 1, 1, 2
72, tameablebeasts:beetle_nest, CREATURE, tameablebeasts:ground_beetle, 1, 1, 2
73, mvs:bench, HEADING, header:ignore, 0, 0, 0
74, foolish:berserker_base, HEADING, header:ignore, 0, 0, 0
75, foolish:berserker_platform, HEADING, header:ignore, 0, 0, 0
76, mvs:big_oak_tree, HEADING, header:ignore, 0, 0, 0
77, mvs:birch_log_pile, HEADING, header:ignore, 0, 0, 0
78, mss:birch_river, HEADING, header:ignore, 0, 0, 0
79, mvs:birch_tree, HEADING, header:ignore, 0, 0, 0
80, mvs:birch_well, HEADING, header:ignore, 0, 0, 0
81, goety:black_assembly, HEADING, header:ignore, 0, 0, 0
82, dungeons_enhanced:black_citadel, HEADING, header:ignore, 0, 0, 0
83, dungeons_enhanced:black_citadel, MONSTER, minecraft:wither_skeleton, 4, 2, 5
84, dungeons_enhanced:black_citadel, MONSTER, minecraft:skeleton, 1, 1, 3
85, explorify:black_spiral, HEADING, header:ignore, 0, 0, 0
86, underground_rooms:blacksmith_room1, HEADING, header:ignore, 0, 0, 0
87, goety:blighted_shack, HEADING, header:ignore, 0, 0, 0
88, goety:blighted_shack, MONSTER, minecraft:witch, 5, 1, 1
89, eeeabsmobs:bloody_altar, HEADING, header:ignore, 0, 0, 0
90, mvs:blue_stall, HEADING, header:ignore, 0, 0, 0
91, idas:botanist, HEADING, header:ignore, 0, 0, 0
92, mvs:boulder, HEADING, header:ignore, 0, 0, 0
93, idas:brickhouse, HEADING, header:ignore, 0, 0, 0
94, goety:buried_ritual, HEADING, header:ignore, 0, 0, 0
95, jellyfishing:buried_treasure, HEADING, header:ignore, 0, 0, 0
96, minecraft:buried_treasure, HEADING, header:ignore, 0, 0, 0
97, cataclysm:burning_arena, HEADING, header:ignore, 0, 0, 0
98, ocean_lily_pad_village:butcherhouse, HEADING, header:ignore, 0, 0, 0
99, alexscaves:cake_cave, HEADING, header:ignore, 0, 0, 0
100, mss:calcite_house, HEADING, header:ignore, 0, 0, 0
101, explorify:campsite, HEADING, header:ignore, 0, 0, 0
102, mvs:campsite, HEADING, header:ignore, 0, 0, 0
103, mvs:cart, HEADING, header:ignore, 0, 0, 0
104, mvs:cartographer_tower, HEADING, header:ignore, 0, 0, 0
105, sgjourney:cartouche/abydos_cartouche, HEADING, header:ignore, 0, 0, 0
106, sgjourney:cartouche/chulak_cartouche_monument, HEADING, header:ignore, 0, 0, 0
107, common_stargates:cartouche/red_sandstone_cartouche_monument, HEADING, header:ignore, 0, 0, 0
108, sgjourney:cartouche/red_sandstone_cartouche_monument, HEADING, header:ignore, 0, 0, 0
109, common_stargates:cartouche/sandstone_cartouche_monument, HEADING, header:ignore, 0, 0, 0
110, sgjourney:cartouche/sandstone_cartouche_monument, HEADING, header:ignore, 0, 0, 0
111, common_stargates:cartouche/stone_cartouche_monument, HEADING, header:ignore, 0, 0, 0
112, sgjourney:cartouche/stone_cartouche_monument, HEADING, header:ignore, 0, 0, 0
113, ati_structures:castillo, HEADING, header:ignore, 0, 0, 0
114, dungeons_enhanced:castle, HEADING, header:ignore, 0, 0, 0
115, idas:castle, HEADING, header:ignore, 0, 0, 0
116, medieval_nether:castle, HEADING, header:ignore, 0, 0, 0
117, medievalend:castle, HEADING, header:ignore, 0, 0, 0
118, mss:castle_ruin, HEADING, header:ignore, 0, 0, 0
119, mvs:castle_ruins, HEADING, header:ignore, 0, 0, 0
120, mss:castle_tower, HEADING, header:ignore, 0, 0, 0
121, darkerdepths:catacombs, HEADING, header:ignore, 0, 0, 0
122, irons_spellbooks:catacombs, HEADING, header:ignore, 0, 0, 0
123, irons_spellbooks:catacombs, MONSTER, irons_spellbooks:catacombs_zombie, 10, 1, 1
124, irons_spellbooks:catacombs, MONSTER, minecraft:skeleton, 5, 1, 1
125, irons_spellbooks:catacombs, MONSTER, irons_spellbooks:necromancer, 2, 1, 1
126, undergarden:catacombs, HEADING, header:ignore, 0, 0, 0
127, undergarden:catacombs, MONSTER, undergarden:forgotten, 1, 1, 1
128, underground_rooms:catacombs, HEADING, header:ignore, 0, 0, 0
129, ati_structures:catalonian_castle, HEADING, header:ignore, 0, 0, 0
130, mvs:cathedral, HEADING, header:ignore, 0, 0, 0
131, mvs:cathedral, MONSTER, minecraft:skeleton, 1, 1, 2
132, mvs:cathedral, MONSTER, minecraft:zombie, 2, 2, 5
133, netherexp:chapel, HEADING, header:ignore, 0, 0, 0
134, mss:cherry_river, HEADING, header:ignore, 0, 0, 0
135, mvs:cherry_tree, HEADING, header:ignore, 0, 0, 0
136, fdbosses:chesed_arena, HEADING, header:ignore, 0, 0, 0
137, windswept:chestnut_weathered_house, HEADING, header:ignore, 0, 0, 0
138, terramity:chthonian_breach, HEADING, header:ignore, 0, 0, 0
139, terramity:chthonic_cathedral, HEADING, header:ignore, 0, 0, 0
140, terramity:chthonic_dungeon, HEADING, header:ignore, 0, 0, 0
141, goety_revelation:church, HEADING, header:ignore, 0, 0, 0
142, mns:circle_blackstone, HEADING, header:ignore, 0, 0, 0
143, mns:circle_nether_brick, HEADING, header:ignore, 0, 0, 0
144, irons_spellbooks:citadel, HEADING, header:ignore, 0, 0, 0
145, sgjourney:city/abydos_city, HEADING, header:ignore, 0, 0, 0
146, mofus_better_end_:clocktower, HEADING, header:ignore, 0, 0, 0
147, legendary_monsters:cloudy_temple, HEADING, header:ignore, 0, 0, 0
148, born_in_chaos_v1:clown_caravan_plains, HEADING, header:ignore, 0, 0, 0
149, born_in_chaos_v1:clown_caravan_savanna, HEADING, header:ignore, 0, 0, 0
150, born_in_chaos_v1:clown_caravan_taiga, HEADING, header:ignore, 0, 0, 0
151, idas:collectors_museum, HEADING, header:ignore, 0, 0, 0
152, companions:companions_babayaga, HEADING, header:ignore, 0, 0, 0
153, companions:companions_babayaga, CREATURE, minecraft:pillager, 1, 1, 1
154, companions:companions_babayaga, CREATURE, minecraft:witch, 1, 1, 1
155, companions:companions_factory, HEADING, header:ignore, 0, 0, 0
156, companions:companions_factory, CREATURE, minecraft:pillager, 2, 1, 2
157, companions:companions_monkey_temple, HEADING, header:ignore, 0, 0, 0
158, companions:companions_teddytower, HEADING, header:ignore, 0, 0, 0
159, companions:companions_teddytower, CREATURE, minecraft:pillager, 1, 1, 1
160, companions:companions_teddytower, CREATURE, minecraft:witch, 1, 1, 1
161, companions:companions_teddytower, CREATURE, minecraft:evoker, 1, 1, 1
162, companions:companions_tent, HEADING, header:ignore, 0, 0, 0
163, mns:copper_tower, HEADING, header:ignore, 0, 0, 0
164, dungeons_arise_seven_seas:corsair_corvette, HEADING, header:ignore, 0, 0, 0
165, idas:cottage, HEADING, header:ignore, 0, 0, 0
166, terramity:court_of_gnomes, HEADING, header:ignore, 0, 0, 0
167, mvs:crimson_enchanting_table, HEADING, header:ignore, 0, 0, 0
168, hearths:crimson_tower, HEADING, header:ignore, 0, 0, 0
169, hearths:crimson_tower, MONSTER, minecraft:blaze, 3, 1, 2
170, hearths:crimson_tower, MONSTER, minecraft:piglin, 10, 3, 5
171, hearths:crimson_tower, MONSTER, minecraft:magma_cube, 3, 4, 4
172, mofus_better_end_:cryohouse, HEADING, header:ignore, 0, 0, 0
173, mofus_better_end_:cryostonecastle, HEADING, header:ignore, 0, 0, 0
174, goety:crypt, HEADING, header:ignore, 0, 0, 0
175, goety:crypt, MONSTER, goety:haunted_armor, 20, 1, 1
176, goety:crypt, MONSTER, goety:crypt_slime, 10, 1, 1
177, goety:crypt, MONSTER, minecraft:zombie, 10, 1, 1
178, goety:crypt, MONSTER, minecraft:skeleton, 10, 1, 1
179, goety:crypt, MONSTER, goety:reaper, 5, 1, 1
180, goety:crypt, MONSTER, goety:border_wraith, 5, 1, 1
181, goety:crypt, MONSTER, goety:bone_spider, 5, 1, 1
182, goety:crypt, MONSTER, goety:cairn_necromancer, 1, 1, 1
183, mvs:crystal, HEADING, header:ignore, 0, 0, 0
184, cataclysm:cursed_pyramid, HEADING, header:ignore, 0, 0, 0
185, hexerei:dark_coven, HEADING, header:ignore, 0, 0, 0
186, explorify:dark_forest_settlement, HEADING, header:ignore, 0, 0, 0
187, ati_structures:dark_keep, HEADING, header:ignore, 0, 0, 0
188, goety:dark_manor, HEADING, header:ignore, 0, 0, 0
189, mvs:dark_oak_log_pile, HEADING, header:ignore, 0, 0, 0
190, mvs:dark_oak_tree, HEADING, header:ignore, 0, 0, 0
191, mvs:dark_oak_well, HEADING, header:ignore, 0, 0, 0
192, ati_structures:dark_tower, HEADING, header:ignore, 0, 0, 0
193, born_in_chaos_v1:dark_tower_forest, HEADING, header:ignore, 0, 0, 0
194, born_in_chaos_v1:dark_tower_plain, HEADING, header:ignore, 0, 0, 0
195, born_in_chaos_v1:dark_tower_taiga, HEADING, header:ignore, 0, 0, 0
196, mvs:dead_tree_acacia, HEADING, header:ignore, 0, 0, 0
197, mvs:dead_tree_birch, HEADING, header:ignore, 0, 0, 0
198, mvs:dead_tree_cherry, HEADING, header:ignore, 0, 0, 0
199, mvs:dead_tree_dark_oak, HEADING, header:ignore, 0, 0, 0
200, mvs:dead_tree_jungle, HEADING, header:ignore, 0, 0, 0
201, mvs:dead_tree_mangrove, HEADING, header:ignore, 0, 0, 0
202, mvs:dead_tree_oak, HEADING, header:ignore, 0, 0, 0
203, mvs:dead_tree_spruce, HEADING, header:ignore, 0, 0, 0
204, dungeons_enhanced:deep_crypt, HEADING, header:ignore, 0, 0, 0
205, mvs:deepslate_house, HEADING, header:ignore, 0, 0, 0
206, ati_structures:deepslate_keep, HEADING, header:ignore, 0, 0, 0
207, mutantmore:derelict_laboratory, HEADING, header:ignore, 0, 0, 0
208, idas:desert_camp/desert_camp, HEADING, header:ignore, 0, 0, 0
209, idas:desert_camp/desert_camp_bygwindswept, HEADING, header:ignore, 0, 0, 0
210, idas:desert_camp/desert_camp_orange, HEADING, header:ignore, 0, 0, 0
211, idas:desert_camp/desert_camp_red, HEADING, header:ignore, 0, 0, 0
212, underground_rooms:desert_crypt, HEADING, header:ignore, 0, 0, 0
213, mvs:desert_house, HEADING, header:ignore, 0, 0, 0
214, idas:desert_market/desert_market, HEADING, header:ignore, 0, 0, 0
215, idas:desert_market/desert_market_orange, HEADING, header:ignore, 0, 0, 0
216, idas:desert_market/desert_market_red, HEADING, header:ignore, 0, 0, 0
217, ati_structures:desert_outpost, HEADING, header:ignore, 0, 0, 0
218, mvs:desert_pump, HEADING, header:ignore, 0, 0, 0
219, idas:desert_pyramid, HEADING, header:ignore, 0, 0, 0
220, minecraft:desert_pyramid, HEADING, header:ignore, 0, 0, 0
221, minecraft:desert_pyramid, MONSTER, goety:necromancer, 1, 1, 1
222, mss:desert_pyramid, HEADING, header:ignore, 0, 0, 0
223, idas:desert_ruins, HEADING, header:ignore, 0, 0, 0
224, vintagevibes:desert_ruins, HEADING, header:ignore, 0, 0, 0
225, explorify:desert_shrine, HEADING, header:ignore, 0, 0, 0
226, dungeons_enhanced:desert_temple, HEADING, header:ignore, 0, 0, 0
227, dungeons_enhanced:desert_tomb, HEADING, header:ignore, 0, 0, 0
228, mss:desert_well, HEADING, header:ignore, 0, 0, 0
229, mvs:desert_well, HEADING, header:ignore, 0, 0, 0
230, netherexp:devils_bluff, HEADING, header:ignore, 0, 0, 0
231, idas:dig_site/dig_site, HEADING, header:ignore, 0, 0, 0
232, idas:dig_site/dig_site_desert, HEADING, header:ignore, 0, 0, 0
233, foolish:dilapidation, HEADING, header:ignore, 0, 0, 0
234, alexscaves:dino_bowl, HEADING, header:ignore, 0, 0, 0
235, mss:diorite_house, HEADING, header:ignore, 0, 0, 0
236, ati_structures:dojo, HEADING, header:ignore, 0, 0, 0
237, medieval_nether:dome, HEADING, header:ignore, 0, 0, 0
238, alexscaves:donut_arch, HEADING, header:ignore, 0, 0, 0
239, block_factorys_bosses:dragon_tower, HEADING, header:ignore, 0, 0, 0
240, nethers_exorcism_reborn:drifter_hideout, HEADING, header:ignore, 0, 0, 0
241, dungeons_enhanced:druid_circle, HEADING, header:ignore, 0, 0, 0
242, mvs:duck, HEADING, header:ignore, 0, 0, 0
243, underground_rooms:dungeon, HEADING, header:ignore, 0, 0, 0
244, dungeons_enhanced:dungeon_variant, HEADING, header:ignore, 0, 0, 0
245, traveloptics:echo_shrine, HEADING, header:ignore, 0, 0, 0
246, endergetic:eetle_nest, HEADING, header:ignore, 0, 0, 0
247, endergetic:eetle_nest, MONSTER, endergetic:charger_eetle, 12, 3, 7
248, endergetic:eetle_nest, MONSTER, endergetic:glider_eetle, 8, 3, 6
249, dungeons_enhanced:elders_temple, HEADING, header:ignore, 0, 0, 0
250, dungeons_enhanced:elders_temple, MONSTER, minecraft:guardian, 1, 2, 4
251, underground_rooms:enchanting_room, HEADING, header:ignore, 0, 0, 0
252, underground_rooms:enchanting_room, MONSTER, minecraft:witch, 1, 1, 2
253, idas:enchantingtower, HEADING, header:ignore, 0, 0, 0
254, minecraft:end_city, HEADING, header:ignore, 0, 0, 0
255, foolish:end_keep, HEADING, header:ignore, 0, 0, 0
256, alshanex_familiars:end_laboratory, HEADING, header:ignore, 0, 0, 0
257, underground_rooms:end_room, HEADING, header:ignore, 0, 0, 0
258, dungeons_plus:end_ruins, HEADING, header:ignore, 0, 0, 0
259, mvs:end_scraps_1, HEADING, header:ignore, 0, 0, 0
260, mvs:end_scraps_2, HEADING, header:ignore, 0, 0, 0
261, mvs:end_scraps_3, HEADING, header:ignore, 0, 0, 0
262, mvs:end_scraps_4, HEADING, header:ignore, 0, 0, 0
263, explorify:end_shipwreck, HEADING, header:ignore, 0, 0, 0
264, end_villager_outpost:end_villager_outpost, HEADING, header:ignore, 0, 0, 0
265, mvs:end_well, HEADING, header:ignore, 0, 0, 0
266, mes:ender_spire, HEADING, header:ignore, 0, 0, 0
267, mes:enderbloom_grove, HEADING, header:ignore, 0, 0, 0
268, mes:enderkeep_courtyard, HEADING, header:ignore, 0, 0, 0
269, mofus_better_end_:endermite_mound, HEADING, header:ignore, 0, 0, 0
270, mes:enderpin_spikes, HEADING, header:ignore, 0, 0, 0
271, mes:enderskog, HEADING, header:ignore, 0, 0, 0
272, mes:enderwatch_tower, HEADING, header:ignore, 0, 0, 0
273, mofus_better_end_:endhouse, HEADING, header:ignore, 0, 0, 0
274, mofus_better_end_:endlabyrinth, HEADING, header:ignore, 0, 0, 0
275, mofus_better_end_:endmossbuildings, HEADING, header:ignore, 0, 0, 0
276, mofus_better_end_:endobservatory, HEADING, header:ignore, 0, 0, 0
277, mes:endscraps, HEADING, header:ignore, 0, 0, 0
278, irons_spellbooks:evoker_fort, HEADING, header:ignore, 0, 0, 0
279, irons_spellbooks:evoker_fort, MONSTER, minecraft:pillager, 10, 2, 3
280, irons_spellbooks:evoker_fort, MONSTER, minecraft:vindicator, 5, 4, 4
281, beachparty:excavated_treasure, HEADING, header:ignore, 0, 0, 0
282, foolish:explorers_house, HEADING, header:ignore, 0, 0, 0
283, foolish:explorers_house_aspen, HEADING, header:ignore, 0, 0, 0
284, terramity:fairy_fountain, HEADING, header:ignore, 0, 0, 0
285, born_in_chaos_v1:farm, HEADING, header:ignore, 0, 0, 0
286, ocean_lily_pad_village:farm, HEADING, header:ignore, 0, 0, 0
287, ocean_lily_pad_village:farmerhouse, HEADING, header:ignore, 0, 0, 0
288, idas:farmhouse, HEADING, header:ignore, 0, 0, 0
289, explorify:farmstead, HEADING, header:ignore, 0, 0, 0
290, alexscaves:ferrocave, HEADING, header:ignore, 0, 0, 0
291, mvs:fire_camp, HEADING, header:ignore, 0, 0, 0
292, terramity:fire_lookout_tower, HEADING, header:ignore, 0, 0, 0
293, born_in_chaos_v1:firewell, HEADING, header:ignore, 0, 0, 0
294, ocean_lily_pad_village:fishermanhouse, HEADING, header:ignore, 0, 0, 0
295, idas:fishermans_lodge, HEADING, header:ignore, 0, 0, 0
296, dungeons_enhanced:fishing_ship, HEADING, header:ignore, 0, 0, 0
297, ocean_lily_pad_village:fletcherhouse, HEADING, header:ignore, 0, 0, 0
298, mvs:floating_islands, HEADING, header:ignore, 0, 0, 0
299, foolish:flower_gb, HEADING, header:ignore, 0, 0, 0
300, foolish:flower_gp, HEADING, header:ignore, 0, 0, 0
301, foolish:flower_gy, HEADING, header:ignore, 0, 0, 0
302, mvs:flower_hole, HEADING, header:ignore, 0, 0, 0
303, dungeons_enhanced:flying_dutchman, HEADING, header:ignore, 0, 0, 0
304, incendium:forbidden_castle, HEADING, header:ignore, 0, 0, 0
305, ocean_lily_pad_village:forge, HEADING, header:ignore, 0, 0, 0
306, mofus_better_end_:forgotten_town, HEADING, header:ignore, 0, 0, 0
307, undergarden:forgotten_vestige, HEADING, header:ignore, 0, 0, 0
308, mofus_better_end_:forgottenruins, HEADING, header:ignore, 0, 0, 0
309, alexscaves:forlorn_bridge, HEADING, header:ignore, 0, 0, 0
310, alexscaves:forlorn_canyon, HEADING, header:ignore, 0, 0, 0
311, medieval_buildings:fort, HEADING, header:ignore, 0, 0, 0
312, ati_structures:fortified_temple, HEADING, header:ignore, 0, 0, 0
313, betterfortresses:fortress, HEADING, header:ignore, 0, 0, 0
314, betterfortresses:fortress, MONSTER, minecraft:blaze, 10, 2, 3
315, betterfortresses:fortress, MONSTER, minecraft:zombified_piglin, 5, 4, 4
316, betterfortresses:fortress, MONSTER, minecraft:wither_skeleton, 8, 5, 5
317, betterfortresses:fortress, MONSTER, minecraft:skeleton, 2, 5, 5
318, betterfortresses:fortress, MONSTER, minecraft:magma_cube, 3, 4, 4
319, minecraft:fortress, HEADING, header:ignore, 0, 0, 0
320, minecraft:fortress, MONSTER, minecraft:blaze, 10, 2, 3
321, minecraft:fortress, MONSTER, minecraft:zombified_piglin, 5, 4, 4
322, minecraft:fortress, MONSTER, minecraft:wither_skeleton, 8, 5, 5
323, minecraft:fortress, MONSTER, minecraft:skeleton, 2, 5, 5
324, minecraft:fortress, MONSTER, minecraft:magma_cube, 3, 4, 4
325, minecraft:fortress, MONSTER, cataclysm:ignited_berserker, 5, 1, 1
326, minecraft:fortress, MONSTER, celestisynth:star_monolith, 20, 1, 1
327, mvs:fox_hut, HEADING, header:ignore, 0, 0, 0
328, legendary_monsters:frostbitten_temple, HEADING, header:ignore, 0, 0, 0
329, cataclysm:frosted_prison, HEADING, header:ignore, 0, 0, 0
330, mowziesmobs:frostmaw_spawn, HEADING, header:ignore, 0, 0, 0
331, idas:frozen_crypt, HEADING, header:ignore, 0, 0, 0
332, adamsarsplus:frozen_library, HEADING, header:ignore, 0, 0, 0
333, adamsarsplus:frozen_library, MONSTER, adamsarsplus:frost_mage, 5, 1, 3
334, adamsarsplus:frozen_library, MONSTER, adamsarsplus:frost_mage_knight, 2, 1, 1
335, mss:frozen_pond, HEADING, header:ignore, 0, 0, 0
336, mvs:gallows, HEADING, header:ignore, 0, 0, 0
337, bosses_of_mass_destruction:gauntlet_arena, HEADING, header:ignore, 0, 0, 0
338, tameablebeasts:gecko_nest, HEADING, header:ignore, 0, 0, 0
339, tameablebeasts:gecko_nest, CREATURE, tameablebeasts:crested_gecko, 1, 1, 2
340, foolish:giant_hive, HEADING, header:ignore, 0, 0, 0
341, mns:giant_skull, HEADING, header:ignore, 0, 0, 0
342, foolish:giant_storm_cloud_1, HEADING, header:ignore, 0, 0, 0
343, foolish:giant_storm_cloud_2, HEADING, header:ignore, 0, 0, 0
344, foolish:giant_storm_cloud_3, HEADING, header:ignore, 0, 0, 0
345, alexscaves:gingerbread_town, HEADING, header:ignore, 0, 0, 0
346, alexscaves:gingerbread_town, MONSTER, alexscaves:gingerbread_man, 60, 4, 4
347, foolish:glacial_fortress, HEADING, header:ignore, 0, 0, 0
348, ad_astra_more_structures:glacio_tower_dungeon, HEADING, header:ignore, 0, 0, 0
349, ati_structures:gnome_hut, HEADING, header:ignore, 0, 0, 0
350, sgjourney:goauld_temple/badlands_ziggurat/badlands_ziggurat, HEADING, header:ignore, 0, 0, 0
351, sgjourney:goauld_temple/desert_pyramid/abandoned/desert_pyramid_abandoned, HEADING, header:ignore, 0, 0, 0
352, sgjourney:goauld_temple/desert_pyramid/desert_pyramid, HEADING, header:ignore, 0, 0, 0
353, sgjourney:goauld_temple/desert_pyramid/desert_pyramid, CREATURE, sgjourney:jaffa, 1, 3, 7
354, sgjourney:goauld_temple/jungle_pyramid/jungle_pyramid, HEADING, header:ignore, 0, 0, 0
355, ati_structures:granite_fort, HEADING, header:ignore, 0, 0, 0
356, born_in_chaos_v1:grave_2003wise, HEADING, header:ignore, 0, 0, 0
357, born_in_chaos_v1:grave_2_dling, HEADING, header:ignore, 0, 0, 0
358, born_in_chaos_v1:grave_d_4rk_devil_x, HEADING, header:ignore, 0, 0, 0
359, born_in_chaos_v1:grave_darktitan, HEADING, header:ignore, 0, 0, 0
360, born_in_chaos_v1:grave_derivas, HEADING, header:ignore, 0, 0, 0
361, born_in_chaos_v1:grave_euthymia, HEADING, header:ignore, 0, 0, 0
362, born_in_chaos_v1:grave_feral, HEADING, header:ignore, 0, 0, 0
363, born_in_chaos_v1:grave_fubuki_banzai, HEADING, header:ignore, 0, 0, 0
364, born_in_chaos_v1:grave_memesus, HEADING, header:ignore, 0, 0, 0
365, born_in_chaos_v1:grave_mike_and_rory, HEADING, header:ignore, 0, 0, 0
366, born_in_chaos_v1:grave_nino_4416, HEADING, header:ignore, 0, 0, 0
367, born_in_chaos_v1:grave_orion, HEADING, header:ignore, 0, 0, 0
368, born_in_chaos_v1:grave_petasi, HEADING, header:ignore, 0, 0, 0
369, born_in_chaos_v1:grave_plug, HEADING, header:ignore, 0, 0, 0
370, born_in_chaos_v1:grave_rotborne, HEADING, header:ignore, 0, 0, 0
371, born_in_chaos_v1:grave_somfunambulist, HEADING, header:ignore, 0, 0, 0
372, born_in_chaos_v1:grave_tem_187, HEADING, header:ignore, 0, 0, 0
373, born_in_chaos_v1:grave_the_gentleman_frog, HEADING, header:ignore, 0, 0, 0
374, mns:grave_yard, HEADING, header:ignore, 0, 0, 0
375, born_in_chaos_v1:gravecarrionexe, HEADING, header:ignore, 0, 0, 0
376, alshanex_familiars:graveyard, HEADING, header:ignore, 0, 0, 0
377, alshanex_familiars:graveyard, MONSTER, alshanex_familiars:necromancer_pet, 1, 1, 1
378, goety:graveyard, HEADING, header:ignore, 0, 0, 0
379, goety:graveyard, MONSTER, goety:wraith, 20, 1, 1
380, goety:graveyard, MONSTER, goety:reaper, 20, 1, 1
381, goety:graveyard, MONSTER, minecraft:zombie, 10, 1, 1
382, goety:graveyard, MONSTER, minecraft:skeleton, 10, 1, 1
383, goety:graveyard, MONSTER, goety:border_wraith, 5, 1, 1
384, mythsandlegends:graveyard, HEADING, header:ignore, 0, 0, 0
385, mythsandlegends:graveyard, MONSTER, mythsandlegends:condemned, 1, 1, 1
386, foolish:great_flickerwood, HEADING, header:ignore, 0, 0, 0
387, windswept:grove_weathered_house, HEADING, header:ignore, 0, 0, 0
388, ars_nouveau:guardian_wilden_den, HEADING, header:ignore, 0, 0, 0
389, ars_nouveau:guardian_wilden_den, MONSTER, ars_nouveau:wilden_guardian, 5, 1, 3
390, explorify:guide_post_cold, HEADING, header:ignore, 0, 0, 0
391, explorify:guide_post_warm, HEADING, header:ignore, 0, 0, 0
392, eeeabsmobs:guling, HEADING, header:ignore, 0, 0, 0
393, idas:haunted_manor, HEADING, header:ignore, 0, 0, 0
394, idas:haunted_manor, MONSTER, quark:wraith, 3, 3, 4
395, ati_structures:haunted_ruin, HEADING, header:ignore, 0, 0, 0
396, ocean_lily_pad_village:hay, HEADING, header:ignore, 0, 0, 0
397, dungeons_enhanced:hay_storage, HEADING, header:ignore, 0, 0, 0
398, mvs:haystack, HEADING, header:ignore, 0, 0, 0
399, dungeons_revival:hell_arena, HEADING, header:ignore, 0, 0, 0
400, hexalia:herbalist_hut, HEADING, header:ignore, 0, 0, 0
401, idas:hermits_hollow, HEADING, header:ignore, 0, 0, 0
402, ati_structures:herobrine_stronghold, HEADING, header:ignore, 0, 0, 0
403, underground_rooms:hidden_temple, HEADING, header:ignore, 0, 0, 0
404, adamsarsplus:holy_mausoleum, HEADING, header:ignore, 0, 0, 0
405, adamsarsplus:holy_mausoleum, MONSTER, adamsarsplus:holy_mage, 5, 1, 3
406, adamsarsplus:holy_mausoleum, MONSTER, adamsarsplus:holy_mage_knight, 2, 1, 1
407, mvs:horse_campsite, HEADING, header:ignore, 0, 0, 0
408, mvs:horse_pen, HEADING, header:ignore, 0, 0, 0
409, medieval_nether:house, HEADING, header:ignore, 0, 0, 0
410, medievalend:house, HEADING, header:ignore, 0, 0, 0
411, mvs:house, HEADING, header:ignore, 0, 0, 0
412, medieval_buildings:house_1, HEADING, header:ignore, 0, 0, 0
413, ocean_lily_pad_village:house_1, HEADING, header:ignore, 0, 0, 0
414, medieval_buildings:house_2, HEADING, header:ignore, 0, 0, 0
415, alshanex_familiars:hunter_campsite, HEADING, header:ignore, 0, 0, 0
416, ars_nouveau:hunter_wilden_den, HEADING, header:ignore, 0, 0, 0
417, ars_nouveau:hunter_wilden_den, MONSTER, ars_nouveau:wilden_hunter, 5, 3, 3
418, idas:hunters_cabin, HEADING, header:ignore, 0, 0, 0
419, skyarena:ice_arena, HEADING, header:ignore, 0, 0, 0
420, aquamirae:ice_maze/arch, HEADING, header:ignore, 0, 0, 0
421, aquamirae:ice_maze/arch, MONSTER, aquamirae:maw, 50, 1, 2
422, aquamirae:ice_maze/arch, AMBIENT, aquamirae:golden_moth, 3, 1, 2
423, aquamirae:ice_maze/common, HEADING, header:ignore, 0, 0, 0
424, aquamirae:ice_maze/common, MONSTER, aquamirae:maw, 50, 1, 2
425, aquamirae:ice_maze/spiral, HEADING, header:ignore, 0, 0, 0
426, aquamirae:ice_maze/spiral, MONSTER, aquamirae:maw, 50, 2, 6
427, dungeons_enhanced:ice_pit, HEADING, header:ignore, 0, 0, 0
428, irons_spellbooks:ice_spider_den, HEADING, header:ignore, 0, 0, 0
429, ati_structures:ice_tribe, HEADING, header:ignore, 0, 0, 0
430, ati_structures:ice_tribe, MONSTER, minecraft:pig, 1, 1, 2
431, idas:iceandfire/dread_citadel, HEADING, header:ignore, 0, 0, 0
432, idas:iceandfire/sirens_cove, HEADING, header:ignore, 0, 0, 0
433, minecraft:igloo, HEADING, header:ignore, 0, 0, 0
434, ati_structures:illager_homestead, HEADING, header:ignore, 0, 0, 0
435, ati_structures:illager_tower, HEADING, header:ignore, 0, 0, 0
436, irons_spellbooks:impaled_icebreaker, HEADING, header:ignore, 0, 0, 0
437, incendium:infernal_altar, HEADING, header:ignore, 0, 0, 0
438, foolish:infernal_factory, HEADING, header:ignore, 0, 0, 0
439, adamsarsplus:infernal_prison, HEADING, header:ignore, 0, 0, 0
440, adamsarsplus:infernal_prison, MONSTER, adamsarsplus:flame_mage, 5, 1, 3
441, adamsarsplus:infernal_prison, MONSTER, adamsarsplus:flame_mage_knight, 2, 1, 1
442, born_in_chaos_v1:infernal_pumpkin, HEADING, header:ignore, 0, 0, 0
443, terramity:infested_laboratory, HEADING, header:ignore, 0, 0, 0
444, sgjourney:jaffa_house, HEADING, header:ignore, 0, 0, 0
445, sgjourney:jaffa_house, CREATURE, sgjourney:jaffa, 1, 1, 5
446, mss:jungle, HEADING, header:ignore, 0, 0, 0
447, ati_structures:jungle_grotto, HEADING, header:ignore, 0, 0, 0
448, mvs:jungle_log_pile, HEADING, header:ignore, 0, 0, 0
449, underground_rooms:jungle_main_room, HEADING, header:ignore, 0, 0, 0
450, dungeons_enhanced:jungle_monument, HEADING, header:ignore, 0, 0, 0
451, mvs:jungle_palm_tree, HEADING, header:ignore, 0, 0, 0
452, dodosmobs:jungle_prison, HEADING, header:ignore, 0, 0, 0
453, minecraft:jungle_pyramid, HEADING, header:ignore, 0, 0, 0
454, ati_structures:jungle_settlement, HEADING, header:ignore, 0, 0, 0
455, betterjungletemples:jungle_temple, HEADING, header:ignore, 0, 0, 0
456, mvs:jungle_tower, HEADING, header:ignore, 0, 0, 0
457, mvs:jungle_tree, HEADING, header:ignore, 0, 0, 0
458, mvs:jungle_well, HEADING, header:ignore, 0, 0, 0
459, foolish:kappa_dwelling, HEADING, header:ignore, 0, 0, 0
460, foolish:kappa_house, HEADING, header:ignore, 0, 0, 0
461, foolish:kappa_kolosseum, HEADING, header:ignore, 0, 0, 0
462, dungeonnowloading:labyrinth, HEADING, header:ignore, 0, 0, 0
463, dungeonnowloading:labyrinth, MONSTER, minecraft:spider, 60, 4, 4
464, dungeonnowloading:labyrinth, MONSTER, minecraft:zombie, 60, 4, 4
465, dungeonnowloading:labyrinth, MONSTER, minecraft:zombie_villager, 5, 1, 1
466, dungeonnowloading:labyrinth, MONSTER, minecraft:skeleton, 60, 4, 4
467, dungeonnowloading:labyrinth, MONSTER, minecraft:creeper, 60, 4, 4
468, dungeonnowloading:labyrinth, MONSTER, minecraft:slime, 60, 4, 4
469, dungeonnowloading:labyrinth, MONSTER, minecraft:enderman, 10, 1, 4
470, dungeonnowloading:labyrinth, MONSTER, minecraft:witch, 5, 1, 1
471, dungeonnowloading:labyrinth, MONSTER, minecraft:drowned, 60, 4, 4
472, dungeonnowloading:labyrinth, AMBIENT, minecraft:bat, 10, 8, 8
473, dungeonnowloading:labyrinth, UNDERGROUND_WATER_CREATURE, minecraft:glow_squid, 10, 4, 6
474, idas:labyrinth, HEADING, header:ignore, 0, 0, 0
475, mvs:lamp_chest, HEADING, header:ignore, 0, 0, 0
476, mns:large_blackstone_pillars, HEADING, header:ignore, 0, 0, 0
477, mns:large_blackstone_walls, HEADING, header:ignore, 0, 0, 0
478, mvs:large_cart_1, HEADING, header:ignore, 0, 0, 0
479, mvs:large_cart_2, HEADING, header:ignore, 0, 0, 0
480, dungeons_enhanced:large_dungeon, HEADING, header:ignore, 0, 0, 0
481, mvs:large_floating_island, HEADING, header:ignore, 0, 0, 0
482, mvs:large_mushroom, HEADING, header:ignore, 0, 0, 0
483, mns:large_nether_brick, HEADING, header:ignore, 0, 0, 0
484, mss:large_tower, HEADING, header:ignore, 0, 0, 0
485, mvs:large_warped_tower, HEADING, header:ignore, 0, 0, 0
486, legendary_monsters:lava_eater_spawn, HEADING, header:ignore, 0, 0, 0
487, mns:lava_pool, HEADING, header:ignore, 0, 0, 0
488, mss:leaf_hollow, HEADING, header:ignore, 0, 0, 0
489, mns:leafy_rubble, HEADING, header:ignore, 0, 0, 0
490, mvs:lecturn_garden, HEADING, header:ignore, 0, 0, 0
491, dungeons_plus:leviathan, HEADING, header:ignore, 0, 0, 0
492, dungeons_plus:leviathan, MONSTER, minecraft:husk, 1, 1, 4
493, species:libra, HEADING, header:ignore, 0, 0, 0
494, ocean_lily_pad_village:library, HEADING, header:ignore, 0, 0, 0
495, underground_rooms:library1, HEADING, header:ignore, 0, 0, 0
496, bosses_of_mass_destruction:lich_tower, HEADING, header:ignore, 0, 0, 0
497, alexscaves:licowitch_tower, HEADING, header:ignore, 0, 0, 0
498, alexscaves:licowitch_tower, MONSTER, alexscaves:licowitch, 60, 1, 1
499, alexscaves:licowitch_tower, MONSTER, minecraft:witch, 30, 1, 1
500, ati_structures:lighthouse, HEADING, header:ignore, 0, 0, 0
501, ati_structures:lighthouse, MONSTER, minecraft:pig, 1, 4, 5
502, mvs:log_ruin, HEADING, header:ignore, 0, 0, 0
503, mofus_better_end_:lonely_home, HEADING, header:ignore, 0, 0, 0
504, sorcerousnether:lost_keep, HEADING, header:ignore, 0, 0, 0
505, sorcerousnether:lost_keep, MONSTER, minecraft:skeleton, 40, 4, 5
506, sorcerousnether:lost_keep, MONSTER, minecraft:magma_cube, 10, 2, 5
507, sorcerousnether:lost_keep, MONSTER, minecraft:enderman, 1, 1, 2
508, sorcerousnether:lost_keep, MONSTER, sorcerousnether:lost, 1, 2, 3
509, idas:lumber_camp/lumber_camp_acacia, HEADING, header:ignore, 0, 0, 0
510, idas:lumber_camp/lumber_camp_birch, HEADING, header:ignore, 0, 0, 0
511, idas:lumber_camp/lumber_camp_bopmahogany, HEADING, header:ignore, 0, 0, 0
512, idas:lumber_camp/lumber_camp_bopredwood, HEADING, header:ignore, 0, 0, 0
513, idas:lumber_camp/lumber_camp_bygmahogany, HEADING, header:ignore, 0, 0, 0
514, idas:lumber_camp/lumber_camp_bygredwood, HEADING, header:ignore, 0, 0, 0
515, idas:lumber_camp/lumber_camp_dark_oak, HEADING, header:ignore, 0, 0, 0
516, idas:lumber_camp/lumber_camp_jungle, HEADING, header:ignore, 0, 0, 0
517, idas:lumber_camp/lumber_camp_oak, HEADING, header:ignore, 0, 0, 0
518, idas:lumber_camp/lumber_camp_spruce, HEADING, header:ignore, 0, 0, 0
519, mofus_better_end_:luminion_labyrinth, HEADING, header:ignore, 0, 0, 0
520, ad_astra:lunar_tower, HEADING, header:ignore, 0, 0, 0
521, ad_astra:lunarian_village, HEADING, header:ignore, 0, 0, 0
522, underground_rooms:mainroom1, HEADING, header:ignore, 0, 0, 0
523, fdbosses:malkuth_arena, HEADING, header:ignore, 0, 0, 0
524, mss:mangrove, HEADING, header:ignore, 0, 0, 0
525, explorify:mangrove_hut, HEADING, header:ignore, 0, 0, 0
526, irons_spellbooks:mangrove_hut, HEADING, header:ignore, 0, 0, 0
527, goety:mangrove_tower, HEADING, header:ignore, 0, 0, 0
528, goety:mangrove_tower, MONSTER, goety:warlock, 1, 1, 1
529, ati_structures:manor, HEADING, header:ignore, 0, 0, 0
530, ati_structures:manor, MONSTER, minecraft:pillager, 1, 1, 1
531, minecraft:mansion, HEADING, header:ignore, 0, 0, 0
532, mes:manuscript_shrine, HEADING, header:ignore, 0, 0, 0
533, ati_structures:marble_chateau, HEADING, header:ignore, 0, 0, 0
534, ocean_lily_pad_village:market, HEADING, header:ignore, 0, 0, 0
535, ad_astra:mars_temple, HEADING, header:ignore, 0, 0, 0
536, ad_astra_more_structures:mars_tower_dungeon, HEADING, header:ignore, 0, 0, 0
537, ocean_lily_pad_village:mason, HEADING, header:ignore, 0, 0, 0
538, idas:mason_house, HEADING, header:ignore, 0, 0, 0
539, explorify:mausoleum, HEADING, header:ignore, 0, 0, 0
540, terramity:mausoleum, HEADING, header:ignore, 0, 0, 0
541, mvs:medium_bamboo_cart, HEADING, header:ignore, 0, 0, 0
542, mns:medium_blackstone, HEADING, header:ignore, 0, 0, 0
543, mns:medium_crimson_fungus, HEADING, header:ignore, 0, 0, 0
544, mns:medium_crimson_fungus_2, HEADING, header:ignore, 0, 0, 0
545, mns:medium_crimson_well, HEADING, header:ignore, 0, 0, 0
546, mns:medium_house, HEADING, header:ignore, 0, 0, 0
547, mns:medium_house_2, HEADING, header:ignore, 0, 0, 0
548, mvs:medium_igloo_1, HEADING, header:ignore, 0, 0, 0
549, mvs:medium_igloo_2, HEADING, header:ignore, 0, 0, 0
550, mvs:medium_oak_lantern, HEADING, header:ignore, 0, 0, 0
551, mns:medium_warped_fungus, HEADING, header:ignore, 0, 0, 0
552, mns:medium_warped_fungus_2, HEADING, header:ignore, 0, 0, 0
553, mns:medium_warped_well, HEADING, header:ignore, 0, 0, 0
554, netherexp:mega_fossil, HEADING, header:ignore, 0, 0, 0
555, netherexp:mega_fossil_campsite, HEADING, header:ignore, 0, 0, 0
556, netherexp:mega_fossil_campsite, MONSTER, minecraft:skeleton, 3, 1, 1
557, netherexp:mega_fossil_campsite, MONSTER, netherexp:vessel, 5, 1, 1
558, mes:mega_ship, HEADING, header:ignore, 0, 0, 0
559, mes:mega_ship, MONSTER, minecraft:shulker, 10, 2, 3
560, mes:mega_ship_basic, HEADING, header:ignore, 0, 0, 0
561, mes:mega_ship_basic, MONSTER, minecraft:shulker, 10, 2, 3
562, mes:mega_ship_basic, MONSTER, minecraft:enderman, 2, 3, 5
563, mes:mega_ship_crashed, HEADING, header:ignore, 0, 0, 0
564, mes:mega_ship_crashed, MONSTER, minecraft:shulker, 10, 2, 3
565, mes:mega_ship_crashed_2, HEADING, header:ignore, 0, 0, 0
566, mes:mega_ship_crashed_2, MONSTER, minecraft:shulker, 10, 2, 3
567, mes:mega_ship_crashed_deepslate, HEADING, header:ignore, 0, 0, 0
568, mes:mega_ship_crashed_deepslate, MONSTER, minecraft:shulker, 10, 1, 2
569, mes:mega_ship_deepslate, HEADING, header:ignore, 0, 0, 0
570, mes:mega_ship_deepslate, MONSTER, minecraft:shulker, 10, 2, 3
571, mes:mega_ship_deepslate, MONSTER, minecraft:enderman, 2, 3, 5
572, mes:mega_ship_deepslate_2, HEADING, header:ignore, 0, 0, 0
573, mes:mega_ship_deepslate_2, MONSTER, minecraft:shulker, 10, 2, 3
574, mes:mega_ship_deepslate_2, MONSTER, minecraft:enderman, 2, 3, 5
575, mes:mega_ship_deepslate_3, HEADING, header:ignore, 0, 0, 0
576, mes:mega_ship_deepslate_3, MONSTER, minecraft:shulker, 10, 2, 3
577, mes:mega_ship_deepslate_3, MONSTER, minecraft:enderman, 2, 3, 5
578, ad_astra_more_structures:mercury_arena_dungeon, HEADING, header:ignore, 0, 0, 0
579, ae2:meteorite, HEADING, header:ignore, 0, 0, 0
580, mvs:mine_with_campsite, HEADING, header:ignore, 0, 0, 0
581, dungeons_enhanced:miners_house, HEADING, header:ignore, 0, 0, 0
582, minecraft:mineshaft, HEADING, header:ignore, 0, 0, 0
583, mvs:mineshaft, HEADING, header:ignore, 0, 0, 0
584, hopo:mineshaft/acacia_mineshaft, HEADING, header:ignore, 0, 0, 0
585, hopo:mineshaft/bamboo_mineshaft, HEADING, header:ignore, 0, 0, 0
586, hopo:mineshaft/biomes/dripstone_mineshaft, HEADING, header:ignore, 0, 0, 0
587, hopo:mineshaft/biomes/lush_mineshaft, HEADING, header:ignore, 0, 0, 0
588, hopo:mineshaft/birch_mineshaft, HEADING, header:ignore, 0, 0, 0
589, hopo:mineshaft/cherry_mineshaft, HEADING, header:ignore, 0, 0, 0
590, hopo:mineshaft/dark_oak_mineshaft, HEADING, header:ignore, 0, 0, 0
591, hopo:mineshaft/deepslate_mineshaft, HEADING, header:ignore, 0, 0, 0
592, hopo:mineshaft/jungle_mineshaft, HEADING, header:ignore, 0, 0, 0
593, hopo:mineshaft/mangrove_mineshaft, HEADING, header:ignore, 0, 0, 0
594, hopo:mineshaft/mud_mineshaft, HEADING, header:ignore, 0, 0, 0
595, hopo:mineshaft/oak_mineshaft, HEADING, header:ignore, 0, 0, 0
596, hopo:mineshaft/spruce_mineshaft, HEADING, header:ignore, 0, 0, 0
597, hopo:mineshaft/stone_mineshaft, HEADING, header:ignore, 0, 0, 0
598, minecraft:mineshaft_mesa, HEADING, header:ignore, 0, 0, 0
599, underground_rooms:mining_storage_room, HEADING, header:ignore, 0, 0, 0
600, foolish:mire_ruins, HEADING, header:ignore, 0, 0, 0
601, mowziesmobs:monastery, HEADING, header:ignore, 0, 0, 0
602, mowziesmobs:monastery, MONSTER, mowziesmobs:bluff, 60, 1, 2
603, ati_structures:monastery_tower, HEADING, header:ignore, 0, 0, 0
604, mes:monolith, HEADING, header:ignore, 0, 0, 0
605, dungeons_enhanced:monster_maze, HEADING, header:ignore, 0, 0, 0
606, minecraft:monument, HEADING, header:ignore, 0, 0, 0
607, minecraft:monument, MONSTER, minecraft:guardian, 1, 2, 4
608, ad_astra:moon_dungeon, HEADING, header:ignore, 0, 0, 0
609, ad_astra_more_structures:moon_tower_dungeon, HEADING, header:ignore, 0, 0, 0
610, ati_structures:mosque, HEADING, header:ignore, 0, 0, 0
611, ati_structures:mosque, MONSTER, minecraft:pig, 1, 4, 5
612, legendary_monsters:mossy_temple, HEADING, header:ignore, 0, 0, 0
613, born_in_chaos_v1:mound_of_hounds, HEADING, header:ignore, 0, 0, 0
614, irons_spellbooks:mountain_tower, HEADING, header:ignore, 0, 0, 0
615, ati_structures:mud_tower, HEADING, header:ignore, 0, 0, 0
616, terramity:mudhut, HEADING, header:ignore, 0, 0, 0
617, mss:mushroom, HEADING, header:ignore, 0, 0, 0
618, dungeons_enhanced:mushroom_house, HEADING, header:ignore, 0, 0, 0
619, mvs:mushroom_pond, HEADING, header:ignore, 0, 0, 0
620, mvs:mushroom_statue, HEADING, header:ignore, 0, 0, 0
621, mvs:mushroom_well, HEADING, header:ignore, 0, 0, 0
622, ad_astra_more_structures:mystical_tree, HEADING, header:ignore, 0, 0, 0
623, mes:mythic_garden, HEADING, header:ignore, 0, 0, 0
624, hexerei:nature_coven, HEADING, header:ignore, 0, 0, 0
625, idas:necromancers_spire, HEADING, header:ignore, 0, 0, 0
626, idas:necromancers_spire, MONSTER, quark:wraith, 10, 1, 1
627, mvs:nether_devil, HEADING, header:ignore, 0, 0, 0
628, minecraft:nether_fossil, HEADING, header:ignore, 0, 0, 0
629, minecraft:nether_fossil, MONSTER, alexsmobs:soul_vulture, 35, 1, 1
630, mss:nether_portal, HEADING, header:ignore, 0, 0, 0
631, idas:nether_pump_camp, HEADING, header:ignore, 0, 0, 0
632, incendium:nether_reactor, HEADING, header:ignore, 0, 0, 0
633, mvs:nether_well, HEADING, header:ignore, 0, 0, 0
634, hearths:netherrack_spiral, HEADING, header:ignore, 0, 0, 0
635, idas:nexus, HEADING, header:ignore, 0, 0, 0
636, idas:nexus, MONSTER, minecraft:silverfish, 3, 1, 4
637, idas:nexus, MONSTER, quark:wraith, 3, 1, 4
638, ars_additions:nexus_tower, HEADING, header:ignore, 0, 0, 0
639, foolish:nightshade_garden, HEADING, header:ignore, 0, 0, 0
640, adamsarsplus:nimbostratic_ruins, HEADING, header:ignore, 0, 0, 0
641, adamsarsplus:nimbostratic_ruins, MONSTER, adamsarsplus:lightning_mage, 5, 1, 3
642, adamsarsplus:nimbostratic_ruins, MONSTER, adamsarsplus:lightning_mage_knight, 2, 1, 1
643, forbidden_arcanus:nipa, HEADING, header:ignore, 0, 0, 0
644, forbidden_arcanus:nipa_floating, HEADING, header:ignore, 0, 0, 0
645, ati_structures:nomadic_camp, HEADING, header:ignore, 0, 0, 0
646, mvs:oak_log_pile, HEADING, header:ignore, 0, 0, 0
647, mvs:oak_tree, HEADING, header:ignore, 0, 0, 0
648, mvs:oak_well, HEADING, header:ignore, 0, 0, 0
649, bakery:oat_field, HEADING, header:ignore, 0, 0, 0
650, bakery:oat_field, CREATURE, minecraft:pig, 1, 1, 4
651, born_in_chaos_v1:observation_tower_forest, HEADING, header:ignore, 0, 0, 0
652, born_in_chaos_v1:observation_tower_plains, HEADING, header:ignore, 0, 0, 0
653, bosses_of_mass_destruction:obsidilith_arena, HEADING, header:ignore, 0, 0, 0
654, minecraft:ocean_ruin_cold, HEADING, header:ignore, 0, 0, 0
655, minecraft:ocean_ruin_warm, HEADING, header:ignore, 0, 0, 0
656, mvs:ocean_tower, HEADING, header:ignore, 0, 0, 0
657, alexscaves:ocean_trench, HEADING, header:ignore, 0, 0, 0
658, ad_astra:oil_well, HEADING, header:ignore, 0, 0, 0
659, mythsandlegends:old_camp, HEADING, header:ignore, 0, 0, 0
660, ati_structures:old_fort, HEADING, header:ignore, 0, 0, 0
661, ati_structures:old_home, HEADING, header:ignore, 0, 0, 0
662, ati_structures:old_home, MONSTER, minecraft:pig, 1, 4, 5
663, ati_structures:old_residence, HEADING, header:ignore, 0, 0, 0
664, goety:ominous_blacksmith, HEADING, header:ignore, 0, 0, 0
665, mvs:orange_stall, HEADING, header:ignore, 0, 0, 0
666, alshanex_familiars:origin_island, HEADING, header:ignore, 0, 0, 0
667, alshanex_familiars:origin_island, MONSTER, alshanex_familiars:soul_entity, 1, 1, 1
668, mvs:out_house, HEADING, header:ignore, 0, 0, 0
669, aquamirae:outpost, HEADING, header:ignore, 0, 0, 0
670, aquamirae:outpost, MONSTER, minecraft:pillager, 10, 1, 2
671, aquamirae:outpost, MONSTER, minecraft:vindicator, 5, 1, 1
672, adamsarsplus:overgrown_barracks, HEADING, header:ignore, 0, 0, 0
673, adamsarsplus:overgrown_barracks, MONSTER, adamsarsplus:earth_mage, 5, 1, 3
674, adamsarsplus:overgrown_barracks, MONSTER, adamsarsplus:earth_mage_knight, 2, 1, 1
675, terramity:overgrown_facility, HEADING, header:ignore, 0, 0, 0
676, ati_structures:overgrown_outpost, HEADING, header:ignore, 0, 0, 0
677, hexerei:owl_post_office, HEADING, header:ignore, 0, 0, 0
678, species:paleontology_dig_site, HEADING, header:ignore, 0, 0, 0
679, mss:palm_island, HEADING, header:ignore, 0, 0, 0
680, mvs:paths, HEADING, header:ignore, 0, 0, 0
681, mofus_better_end_:penguinnest, HEADING, header:ignore, 0, 0, 0
682, mes:phantom_citadel, HEADING, header:ignore, 0, 0, 0
683, hopo:piglin_ruin, HEADING, header:ignore, 0, 0, 0
684, incendium:piglin_village, HEADING, header:ignore, 0, 0, 0
685, mvs:pile, HEADING, header:ignore, 0, 0, 0
686, dungeons_enhanced:pillager_camp, HEADING, header:ignore, 0, 0, 0
687, dungeons_enhanced:pillager_camp, MONSTER, minecraft:pillager, 4, 2, 3
688, dungeons_enhanced:pillager_camp, MONSTER, minecraft:vindicator, 2, 1, 2
689, idas:pillager_camp, HEADING, header:ignore, 0, 0, 0
690, idas:pillager_fortress, HEADING, header:ignore, 0, 0, 0
691, minecraft:pillager_outpost, HEADING, header:ignore, 0, 0, 0
692, minecraft:pillager_outpost, MONSTER, minecraft:pillager, 1, 1, 1
693, windswept:pine_totem, HEADING, header:ignore, 0, 0, 0
694, galosphere:pink_salt_shrine, HEADING, header:ignore, 0, 0, 0
695, mvs:pink_stall, HEADING, header:ignore, 0, 0, 0
696, incendium:pipeline, HEADING, header:ignore, 0, 0, 0
697, dungeons_arise_seven_seas:pirate_junk, HEADING, header:ignore, 0, 0, 0
698, dungeons_enhanced:pirate_ship, HEADING, header:ignore, 0, 0, 0
699, dungeons_enhanced:pirate_ship, MONSTER, minecraft:pillager, 4, 3, 4
700, dungeons_enhanced:pirate_ship, MONSTER, minecraft:vindicator, 3, 1, 2
701, mes:placid_prairie, HEADING, header:ignore, 0, 0, 0
702, foolish:plateau_garden, HEADING, header:ignore, 0, 0, 0
703, hopo:portal, HEADING, header:ignore, 0, 0, 0
704, hopo:portal_deepslate, HEADING, header:ignore, 0, 0, 0
705, hopo:portal_dripstone, HEADING, header:ignore, 0, 0, 0
706, hopo:portal_lush, HEADING, header:ignore, 0, 0, 0
707, terramity:prismatic_pond, HEADING, header:ignore, 0, 0, 0
708, ati_structures:pufferfish_cave, HEADING, header:ignore, 0, 0, 0
709, ad_astra:pygro_tower, HEADING, header:ignore, 0, 0, 0
710, ad_astra:pygro_village, HEADING, header:ignore, 0, 0, 0
711, medievalend:pyramid, HEADING, header:ignore, 0, 0, 0
712, irons_spellbooks:pyromancer_tower, HEADING, header:ignore, 0, 0, 0
713, ati_structures:quarry, HEADING, header:ignore, 0, 0, 0
714, incendium:quartz_kitchen, HEADING, header:ignore, 0, 0, 0
715, mvs:railway, HEADING, header:ignore, 0, 0, 0
716, foolish:rainbow_sacilite_geode, HEADING, header:ignore, 0, 0, 0
717, mvs:rare_well, HEADING, header:ignore, 0, 0, 0
718, foolish:rattling_arena, HEADING, header:ignore, 0, 0, 0
719, dungeons_plus:reanimated_ruins_frozen, HEADING, header:ignore, 0, 0, 0
720, dungeons_plus:reanimated_ruins_mesa, HEADING, header:ignore, 0, 0, 0
721, dungeons_plus:reanimated_ruins_mossy, HEADING, header:ignore, 0, 0, 0
722, mvs:red_stall, HEADING, header:ignore, 0, 0, 0
723, mvs:red_tower, HEADING, header:ignore, 0, 0, 0
724, idas:redhorn_guild, HEADING, header:ignore, 0, 0, 0
725, dungeons_revival:redstone_mines, HEADING, header:ignore, 0, 0, 0
726, ribbits:ribbit_village, HEADING, header:ignore, 0, 0, 0
727, beachparty:ritual_circle, HEADING, header:ignore, 0, 0, 0
728, ad_astra_more_structures:rocket_launch_t1, HEADING, header:ignore, 0, 0, 0
729, mvs:rocky_well, HEADING, header:ignore, 0, 0, 0
730, tameablebeasts:roly_nest, HEADING, header:ignore, 0, 0, 0
731, tameablebeasts:roly_nest, CREATURE, tameablebeasts:giant_roly_poly, 1, 1, 2
732, darkerdepths:rope_mine_desert, HEADING, header:ignore, 0, 0, 0
733, darkerdepths:rope_mine_forest, HEADING, header:ignore, 0, 0, 0
734, dungeonsdelight:rotten_dungeon, HEADING, header:ignore, 0, 0, 0
735, ati_structures:rotten_log, HEADING, header:ignore, 0, 0, 0
736, ati_structures:rotting_temple, HEADING, header:ignore, 0, 0, 0
737, ati_structures:rotting_temple, MONSTER, minecraft:zombie, 1, 1, 3
738, ati_structures:rotting_temple_underground, HEADING, header:ignore, 0, 0, 0
739, ati_structures:rotting_temple_underground, MONSTER, minecraft:zombie, 1, 1, 3
740, mvs:ruined_beacon, HEADING, header:ignore, 0, 0, 0
741, dungeons_enhanced:ruined_building, HEADING, header:ignore, 0, 0, 0
742, ati_structures:ruined_castle, HEADING, header:ignore, 0, 0, 0
743, idas:ruined_church, HEADING, header:ignore, 0, 0, 0
744, cataclysm:ruined_citadel, HEADING, header:ignore, 0, 0, 0
745, cataclysm:ruined_citadel, MONSTER, cataclysm:endermaptera, 3, 1, 1
746, idas:ruined_fort, HEADING, header:ignore, 0, 0, 0
747, incendium:ruined_lab, HEADING, header:ignore, 0, 0, 0
748, mes:ruined_pillar, HEADING, header:ignore, 0, 0, 0
749, ars_additions:ruined_portal, HEADING, header:ignore, 0, 0, 0
750, minecraft:ruined_portal, HEADING, header:ignore, 0, 0, 0
751, mns:ruined_portal, HEADING, header:ignore, 0, 0, 0
752, minecraft:ruined_portal_desert, HEADING, header:ignore, 0, 0, 0
753, minecraft:ruined_portal_jungle, HEADING, header:ignore, 0, 0, 0
754, ars_additions:ruined_portal_large, HEADING, header:ignore, 0, 0, 0
755, minecraft:ruined_portal_mountain, HEADING, header:ignore, 0, 0, 0
756, minecraft:ruined_portal_nether, HEADING, header:ignore, 0, 0, 0
757, minecraft:ruined_portal_ocean, HEADING, header:ignore, 0, 0, 0
758, minecraft:ruined_portal_swamp, HEADING, header:ignore, 0, 0, 0
759, legendary_monsters:ruined_pyramid, HEADING, header:ignore, 0, 0, 0
760, legendary_monsters:ruined_pyramid, MONSTER, legendary_monsters:bomber, 1, 1, 1
761, idas:ruined_well, HEADING, header:ignore, 0, 0, 0
762, explorify:ruins, HEADING, header:ignore, 0, 0, 0
763, idas:ruins_of_the_deep, HEADING, header:ignore, 0, 0, 0
764, foolish:sacilic_den, HEADING, header:ignore, 0, 0, 0
765, foolish:sacilite_palace, HEADING, header:ignore, 0, 0, 0
766, incendium:sanctum, HEADING, header:ignore, 0, 0, 0
767, netherexp:sanctum, HEADING, header:ignore, 0, 0, 0
768, netherexp:sanctum, MONSTER, minecraft:skeleton, 10, 1, 3
769, netherexp:sanctum, MONSTER, netherexp:vessel, 5, 1, 2
770, netherexp:sanctum, MONSTER, netherexp:banshee, 5, 1, 1
771, netherexp:sanctum, MONSTER, netherexp:apparition, 7, 1, 1
772, block_factorys_bosses:sandworm_nest, HEADING, header:ignore, 0, 0, 0
773, mns:sandy_skull, HEADING, header:ignore, 0, 0, 0
774, foolish:scarlant_colony, HEADING, header:ignore, 0, 0, 0
775, foolish:scarlant_nest, HEADING, header:ignore, 0, 0, 0
776, mythsandlegends:scorched_nest, HEADING, header:ignore, 0, 0, 0
777, ati_structures:sculk_deposit, HEADING, header:ignore, 0, 0, 0
778, goety:secluded_igloo, HEADING, header:ignore, 0, 0, 0
779, occult:shaded_hut, HEADING, header:ignore, 0, 0, 0
780, occult:shaded_ruins, HEADING, header:ignore, 0, 0, 0
781, occult:shaded_tower, HEADING, header:ignore, 0, 0, 0
782, mvs:shed, HEADING, header:ignore, 0, 0, 0
783, aquamirae:shelter, HEADING, header:ignore, 0, 0, 0
784, ocean_lily_pad_village:shepherd, HEADING, header:ignore, 0, 0, 0
785, aquamirae:ship, HEADING, header:ignore, 0, 0, 0
786, aquamirae:ship, MONSTER, minecraft:pillager, 10, 1, 2
787, aquamirae:ship, MONSTER, minecraft:vindicator, 5, 1, 1
788, medieval_buildings:ship, HEADING, header:ignore, 0, 0, 0
789, medieval_nether:ship, HEADING, header:ignore, 0, 0, 0
790, medievalend:ship, HEADING, header:ignore, 0, 0, 0
791, minecraft:shipwreck, HEADING, header:ignore, 0, 0, 0
792, minecraft:shipwreck_beached, HEADING, header:ignore, 0, 0, 0
793, medieval_nether:shrine, HEADING, header:ignore, 0, 0, 0
794, medievalend:shrine, HEADING, header:ignore, 0, 0, 0
795, mns:shrine, HEADING, header:ignore, 0, 0, 0
796, legendary_monsters:shulker_tower, HEADING, header:ignore, 0, 0, 0
797, ati_structures:silverfish_nest, HEADING, header:ignore, 0, 0, 0
798, ati_structures:sinking_temple, HEADING, header:ignore, 0, 0, 0
799, ati_structures:sinking_temple, MONSTER, minecraft:drowned, 1, 1, 2
800, betterdungeons:skeleton_dungeon, HEADING, header:ignore, 0, 0, 0
801, betterdungeons:skeleton_dungeon, MONSTER, minecraft:skeleton, 60, 4, 15
802, legendary_monsters:skeletosaurus_nest, HEADING, header:ignore, 0, 0, 0
803, skyarena:sky_arena, HEADING, header:ignore, 0, 0, 0
804, skyvillages:skyvillage, HEADING, header:ignore, 0, 0, 0
805, mvs:small_acacia_lantern, HEADING, header:ignore, 0, 0, 0
806, mvs:small_bamboo_lantern, HEADING, header:ignore, 0, 0, 0
807, mvs:small_birch_lantern, HEADING, header:ignore, 0, 0, 0
808, mvs:small_campfire_lantern, HEADING, header:ignore, 0, 0, 0
809, mvs:small_cherry_lantern, HEADING, header:ignore, 0, 0, 0
810, mvs:small_copper_well, HEADING, header:ignore, 0, 0, 0
811, mvs:small_dark_oak_lantern, HEADING, header:ignore, 0, 0, 0
812, mss:small_deepslate_house, HEADING, header:ignore, 0, 0, 0
813, betterdungeons:small_dungeon, HEADING, header:ignore, 0, 0, 0
814, mvs:small_igloo, HEADING, header:ignore, 0, 0, 0
815, mvs:small_jungle_lantern, HEADING, header:ignore, 0, 0, 0
816, ati_structures:small_keep, HEADING, header:ignore, 0, 0, 0
817, mvs:small_mangrove_lantern, HEADING, header:ignore, 0, 0, 0
818, mns:small_nether_brick, HEADING, header:ignore, 0, 0, 0
819, betterdungeons:small_nether_dungeon, HEADING, header:ignore, 0, 0, 0
820, mss:small_oak_house, HEADING, header:ignore, 0, 0, 0
821, mvs:small_oak_lantern, HEADING, header:ignore, 0, 0, 0
822, mvs:small_oak_pond, HEADING, header:ignore, 0, 0, 0
823, mvs:small_pillager_tower, HEADING, header:ignore, 0, 0, 0
824, mss:small_pond, HEADING, header:ignore, 0, 0, 0
825, embers:small_ruin, HEADING, header:ignore, 0, 0, 0
826, embers:small_ruin, MONSTER, embers:ancient_golem, 20, 1, 1
827, mvs:small_ruin, HEADING, header:ignore, 0, 0, 0
828, mvs:small_ship, HEADING, header:ignore, 0, 0, 0
829, mvs:small_spruce_lantern, HEADING, header:ignore, 0, 0, 0
830, mvs:small_swamp_house, HEADING, header:ignore, 0, 0, 0
831, mss:small_tower, HEADING, header:ignore, 0, 0, 0
832, mvs:small_tower_well, HEADING, header:ignore, 0, 0, 0
833, mvs:small_well, HEADING, header:ignore, 0, 0, 0
834, dungeons_arise_seven_seas:small_yacht, HEADING, header:ignore, 0, 0, 0
835, mns:smoking_shrine, HEADING, header:ignore, 0, 0, 0
836, idas:snifferhenge, HEADING, header:ignore, 0, 0, 0
837, terramity:snow_fort, HEADING, header:ignore, 0, 0, 0
838, mvs:snowy_dog_hut, HEADING, header:ignore, 0, 0, 0
839, mvs:snowy_fossil, HEADING, header:ignore, 0, 0, 0
840, windswept:snowy_pine_totem, HEADING, header:ignore, 0, 0, 0
841, dungeons_plus:snowy_temple, HEADING, header:ignore, 0, 0, 0
842, dungeons_plus:snowy_temple, MONSTER, minecraft:stray, 1, 1, 4
843, mvs:snowy_well, HEADING, header:ignore, 0, 0, 0
844, alexscaves:soda_bottle, HEADING, header:ignore, 0, 0, 0
845, cataclysm:soul_black_smith, HEADING, header:ignore, 0, 0, 0
846, mns:soul_fire, HEADING, header:ignore, 0, 0, 0
847, legendary_monsters:soul_fortress_remains, HEADING, header:ignore, 0, 0, 0
848, dungeons_plus:soul_prison, HEADING, header:ignore, 0, 0, 0
849, dungeons_plus:soul_prison, MONSTER, minecraft:skeleton, 5, 1, 4
850, dungeons_plus:soul_prison, MONSTER, minecraft:ghast, 1, 1, 2
851, species:spectralibur_chamber, HEADING, header:ignore, 0, 0, 0
852, goety:spider_den, HEADING, header:ignore, 0, 0, 0
853, goety:spider_den, MONSTER, minecraft:spider, 20, 1, 1
854, goety:spider_den, MONSTER, minecraft:cave_spider, 10, 1, 1
855, goety:spider_den, MONSTER, goety:web_spider, 10, 1, 1
856, betterdungeons:spider_dungeon, HEADING, header:ignore, 0, 0, 0
857, betterdungeons:spider_dungeon, MONSTER, minecraft:spider, 60, 4, 15
858, betterdungeons:spider_dungeon, MONSTER, minecraft:cave_spider, 50, 4, 8
859, ati_structures:spider_nest, HEADING, header:ignore, 0, 0, 0
860, ati_structures:spider_nest, MONSTER, minecraft:spider, 1, 1, 3
861, ati_structures:spider_nest, MONSTER, minecraft:cave_spider, 1, 1, 2
862, lios_outlandish_villages:spiral_tower_village, HEADING, header:ignore, 0, 0, 0
863, lios_outlandish_villages:spiral_tower_village_sea, HEADING, header:ignore, 0, 0, 0
864, mss:spruce_huts, HEADING, header:ignore, 0, 0, 0
865, mvs:spruce_log_pile, HEADING, header:ignore, 0, 0, 0
866, mvs:spruce_tree, HEADING, header:ignore, 0, 0, 0
867, mvs:spruce_well, HEADING, header:ignore, 0, 0, 0
868, ocean_lily_pad_village:stable, HEADING, header:ignore, 0, 0, 0
869, dungeons_enhanced:stables, HEADING, header:ignore, 0, 0, 0
870, ars_nouveau:stalker_wilden_den, HEADING, header:ignore, 0, 0, 0
871, ars_nouveau:stalker_wilden_den, MONSTER, ars_nouveau:wilden_stalker, 5, 3, 3
872, ars_elemental:starbuncle_shrine, HEADING, header:ignore, 0, 0, 0
873, sgjourney:stargate/classic/pedestal/stargate_pedestal, HEADING, header:ignore, 0, 0, 0
874, sgjourney:stargate/milky_way/buried/buried_stargate, HEADING, header:ignore, 0, 0, 0
875, sgjourney:stargate/milky_way/buried/buried_stargate_badlands, HEADING, header:ignore, 0, 0, 0
876, sgjourney:stargate/milky_way/buried/buried_stargate_desert, HEADING, header:ignore, 0, 0, 0
877, common_stargates:stargate/milky_way/pedestal/stargate_pedestal, HEADING, header:ignore, 0, 0, 0
878, sgjourney:stargate/milky_way/pedestal/stargate_pedestal, HEADING, header:ignore, 0, 0, 0
879, common_stargates:stargate/milky_way/pedestal/stargate_pedestal_badlands, HEADING, header:ignore, 0, 0, 0
880, sgjourney:stargate/milky_way/pedestal/stargate_pedestal_badlands, HEADING, header:ignore, 0, 0, 0
881, common_stargates:stargate/milky_way/pedestal/stargate_pedestal_basalt, HEADING, header:ignore, 0, 0, 0
882, sgjourney:stargate/milky_way/pedestal/stargate_pedestal_cavum_tenebrae, HEADING, header:ignore, 0, 0, 0
883, sgjourney:stargate/milky_way/pedestal/stargate_pedestal_chulak, HEADING, header:ignore, 0, 0, 0
884, common_stargates:stargate/milky_way/pedestal/stargate_pedestal_deep_dark, HEADING, header:ignore, 0, 0, 0
885, sgjourney:stargate/milky_way/pedestal/stargate_pedestal_deep_dark, HEADING, header:ignore, 0, 0, 0
886, common_stargates:stargate/milky_way/pedestal/stargate_pedestal_deepslate, HEADING, header:ignore, 0, 0, 0
887, sgjourney:stargate/milky_way/pedestal/stargate_pedestal_deepslate, HEADING, header:ignore, 0, 0, 0
888, common_stargates:stargate/milky_way/pedestal/stargate_pedestal_desert, HEADING, header:ignore, 0, 0, 0
889, sgjourney:stargate/milky_way/pedestal/stargate_pedestal_desert, HEADING, header:ignore, 0, 0, 0
890, sgjourney:stargate/milky_way/pedestal/stargate_pedestal_glacio, HEADING, header:ignore, 0, 0, 0
891, common_stargates:stargate/milky_way/pedestal/stargate_pedestal_jungle, HEADING, header:ignore, 0, 0, 0
892, sgjourney:stargate/milky_way/pedestal/stargate_pedestal_jungle, HEADING, header:ignore, 0, 0, 0
893, common_stargates:stargate/milky_way/pedestal/stargate_pedestal_mushroom, HEADING, header:ignore, 0, 0, 0
894, sgjourney:stargate/milky_way/pedestal/stargate_pedestal_mushroom, HEADING, header:ignore, 0, 0, 0
895, common_stargates:stargate/milky_way/pedestal/stargate_pedestal_nether, HEADING, header:ignore, 0, 0, 0
896, sgjourney:stargate/milky_way/pedestal/stargate_pedestal_rima, HEADING, header:ignore, 0, 0, 0
897, common_stargates:stargate/milky_way/pedestal/stargate_pedestal_snow, HEADING, header:ignore, 0, 0, 0
898, sgjourney:stargate/milky_way/pedestal/stargate_pedestal_snow, HEADING, header:ignore, 0, 0, 0
899, common_stargates:stargate/milky_way/pedestal/stargate_pedestal_soul_sand, HEADING, header:ignore, 0, 0, 0
900, sgjourney:stargate/milky_way/pedestal/stargate_pedestal_unitas, HEADING, header:ignore, 0, 0, 0
901, sgjourney:stargate/milky_way/temple/abydos_pyramid, HEADING, header:ignore, 0, 0, 0
902, sgjourney:stargate/milky_way/temple/great_pyramid, HEADING, header:ignore, 0, 0, 0
903, sgjourney:stargate/milky_way/temple/stargate_temple_nether, HEADING, header:ignore, 0, 0, 0
904, sgjourney:stargate/milky_way/terra_stargate, HEADING, header:ignore, 0, 0, 0
905, sgjourney:stargate/pegasus/outpost/lantean_outpost_ocean, HEADING, header:ignore, 0, 0, 0
906, common_stargates:stargate/pegasus/outpost/pegasus_stargate_outpost, HEADING, header:ignore, 0, 0, 0
907, sgjourney:stargate/pegasus/pegasus_stargate, HEADING, header:ignore, 0, 0, 0
908, common_stargates:stargate/pegasus/pegasus_stargate_grass, HEADING, header:ignore, 0, 0, 0
909, sgjourney:stargate/universe/destiny, HEADING, header:ignore, 0, 0, 0
910, common_stargates:stargate/universe/pedestal/stargate_pedestal_end, HEADING, header:ignore, 0, 0, 0
911, sgjourney:stargate/universe/pedestal/universe_stargate_pedestal_island_end, HEADING, header:ignore, 0, 0, 0
912, mes:starlight_voyager, HEADING, header:ignore, 0, 0, 0
913, masiks_puzzle_dungeon:start, HEADING, header:ignore, 0, 0, 0
914, mvs:statue_ruins, HEADING, header:ignore, 0, 0, 0
915, ati_structures:steam_house, HEADING, header:ignore, 0, 0, 0
916, foolish:stellar_portal_structure, HEADING, header:ignore, 0, 0, 0
917, mvs:stone_fountain, HEADING, header:ignore, 0, 0, 0
918, mvs:stone_pillars, HEADING, header:ignore, 0, 0, 0
919, mvs:stone_rock, HEADING, header:ignore, 0, 0, 0
920, ati_structures:storage_house, HEADING, header:ignore, 0, 0, 0
921, ati_structures:storage_shack, HEADING, header:ignore, 0, 0, 0
922, ati_structures:stray_ruins, HEADING, header:ignore, 0, 0, 0
923, integrated_stronghold:stronghold, HEADING, header:ignore, 0, 0, 0
924, integrated_stronghold:stronghold, MONSTER, minecraft:silverfish, 1, 1, 2
925, integrated_stronghold:stronghold, MONSTER, minecraft:enderman, 1, 1, 1
926, integrated_stronghold:stronghold, MONSTER, goety:necromancer, 1, 1, 1
927, minecraft:stronghold, HEADING, header:ignore, 0, 0, 0
928, minecraft:stronghold, MONSTER, goety:necromancer, 1, 1, 1
929, terramity:subterranean_shrine, HEADING, header:ignore, 0, 0, 0
930, cataclysm:sunken_city, HEADING, header:ignore, 0, 0, 0
931, idas:sunken_ship/sunken_ship, HEADING, header:ignore, 0, 0, 0
932, idas:sunken_ship/sunken_ship, MONSTER, quark:wraith, 5, 1, 2
933, idas:sunken_ship/sunken_ship_coral, HEADING, header:ignore, 0, 0, 0
934, idas:sunken_ship/sunken_ship_coral, MONSTER, quark:wraith, 5, 1, 2
935, idas:sunken_ship/sunken_ship_ruins, HEADING, header:ignore, 0, 0, 0
936, dungeons_enhanced:sunken_shrine, HEADING, header:ignore, 0, 0, 0
937, mvs:sunzi_gate, HEADING, header:ignore, 0, 0, 0
938, explorify:supply_cache/birch, HEADING, header:ignore, 0, 0, 0
939, explorify:supply_cache/dark, HEADING, header:ignore, 0, 0, 0
940, explorify:supply_cache/desert, HEADING, header:ignore, 0, 0, 0
941, explorify:supply_cache/forest, HEADING, header:ignore, 0, 0, 0
942, explorify:supply_cache/jungle, HEADING, header:ignore, 0, 0, 0
943, explorify:supply_cache/mangrove, HEADING, header:ignore, 0, 0, 0
944, explorify:supply_cache/taiga, HEADING, header:ignore, 0, 0, 0
945, terramity:suspicious_shrine, HEADING, header:ignore, 0, 0, 0
946, minecraft:swamp_hut, HEADING, header:ignore, 0, 0, 0
947, minecraft:swamp_hut, MONSTER, minecraft:witch, 1, 1, 1
948, minecraft:swamp_hut, CREATURE, minecraft:cat, 1, 1, 1
949, mns:sword, HEADING, header:ignore, 0, 0, 0
950, terramity:sword_shrine, HEADING, header:ignore, 0, 0, 0
951, mss:taiga, HEADING, header:ignore, 0, 0, 0
952, mvs:tall_house, HEADING, header:ignore, 0, 0, 0
953, dungeons_enhanced:tall_witch_hut, HEADING, header:ignore, 0, 0, 0
954, ati_structures:tavern, HEADING, header:ignore, 0, 0, 0
955, explorify:tavern, HEADING, header:ignore, 0, 0, 0
956, ocean_lily_pad_village:temple, HEADING, header:ignore, 0, 0, 0
957, dungeonnowloading:temple_of_duality, HEADING, header:ignore, 0, 0, 0
958, idas:the_log, HEADING, header:ignore, 0, 0, 0
959, underground_rooms:throne_room, HEADING, header:ignore, 0, 0, 0
960, foolish:thunder_tower, HEADING, header:ignore, 0, 0, 0
961, idas:tinkers_citadel, HEADING, header:ignore, 0, 0, 0
962, idas:tinkers_workshop, HEADING, header:ignore, 0, 0, 0
963, ocean_lily_pad_village:toolsmith, HEADING, header:ignore, 0, 0, 0
964, underground_rooms:torture_chamber, HEADING, header:ignore, 0, 0, 0
965, dungeons_plus:tower, HEADING, header:ignore, 0, 0, 0
966, medieval_buildings:tower, HEADING, header:ignore, 0, 0, 0
967, dungeons_enhanced:tower_of_the_undead, HEADING, header:ignore, 0, 0, 0
968, foolish:toxic_waste_deposit, HEADING, header:ignore, 0, 0, 0
969, foolish:toxic_wreckage, HEADING, header:ignore, 0, 0, 0
970, minecraft:trail_ruins, HEADING, header:ignore, 0, 0, 0
971, mns:train, HEADING, header:ignore, 0, 0, 0
972, idas:train_ruins, HEADING, header:ignore, 0, 0, 0
973, underground_rooms:treasure_room, HEADING, header:ignore, 0, 0, 0
974, mss:tree_1, HEADING, header:ignore, 0, 0, 0
975, mss:tree_2, HEADING, header:ignore, 0, 0, 0
976, mss:tree_3, HEADING, header:ignore, 0, 0, 0
977, mss:tree_4, HEADING, header:ignore, 0, 0, 0
978, mss:tree_5, HEADING, header:ignore, 0, 0, 0
979, mss:tree_6, HEADING, header:ignore, 0, 0, 0
980, mss:tree_7, HEADING, header:ignore, 0, 0, 0
981, mss:tree_8, HEADING, header:ignore, 0, 0, 0
982, dungeons_enhanced:tree_house, HEADING, header:ignore, 0, 0, 0
983, mvs:tree_monument, HEADING, header:ignore, 0, 0, 0
984, idas:tree_of_wisdom, HEADING, header:ignore, 0, 0, 0
985, idas:treetop_tavern, HEADING, header:ignore, 0, 0, 0
986, foolish:tremor_nest, HEADING, header:ignore, 0, 0, 0
987, terramity:trial_spire, HEADING, header:ignore, 0, 0, 0
988, foolish:turmoil_camp_1, HEADING, header:ignore, 0, 0, 0
989, foolish:turmoil_camp_2, HEADING, header:ignore, 0, 0, 0
990, foolish:turmoil_camp_3, HEADING, header:ignore, 0, 0, 0
991, mowziesmobs:umvuthana_grove, HEADING, header:ignore, 0, 0, 0
992, underground_rooms:undead_main_room, HEADING, header:ignore, 0, 0, 0
993, alexscaves:underground_cabin, HEADING, header:ignore, 0, 0, 0
994, idas:underground_camp/underground_camp, HEADING, header:ignore, 0, 0, 0
995, idas:underground_camp/underground_camp_deep, HEADING, header:ignore, 0, 0, 0
996, ati_structures:underground_monument, HEADING, header:ignore, 0, 0, 0
997, ati_structures:underwater_dungeon, HEADING, header:ignore, 0, 0, 0
998, ati_structures:underwater_dungeon, MONSTER, minecraft:drowned, 2, 1, 2
999, ati_structures:underwater_dungeon, MONSTER, minecraft:guardian, 1, 1, 2
1000, block_factorys_bosses:underworld_arena, HEADING, header:ignore, 0, 0, 0
1001, block_factorys_bosses:underworld_arena, MONSTER, block_factorys_bosses:soul_skeleton, 2, 1, 3
1002, block_factorys_bosses:underworld_arena, MONSTER, block_factorys_bosses:soul_knight_wither_skeleton, 1, 1, 3
1003, dungeons_arise_seven_seas:unicorn_galleon, HEADING, header:ignore, 0, 0, 0
1004, ad_astra:venus_bullet, HEADING, header:ignore, 0, 0, 0
1005, ad_astra_more_structures:venus_tree_dungeon, HEADING, header:ignore, 0, 0, 0
1006, mns:very_small_blackstone, HEADING, header:ignore, 0, 0, 0
1007, mns:very_small_blackstone_2, HEADING, header:ignore, 0, 0, 0
1008, mns:very_small_blackstone_3, HEADING, header:ignore, 0, 0, 0
1009, mns:very_small_blackstone_4, HEADING, header:ignore, 0, 0, 0
1010, mns:very_small_nether_brick, HEADING, header:ignore, 0, 0, 0
1011, mns:very_small_nether_brick_2, HEADING, header:ignore, 0, 0, 0
1012, mns:very_small_nether_brick_3, HEADING, header:ignore, 0, 0, 0
1013, dungeons_arise_seven_seas:victory_frigate, HEADING, header:ignore, 0, 0, 0
1014, minecraft:village_desert, HEADING, header:ignore, 0, 0, 0
1015, windswept:village_frozen, HEADING, header:ignore, 0, 0, 0
1016, minecraft:village_plains, HEADING, header:ignore, 0, 0, 0
1017, minecraft:village_savanna, HEADING, header:ignore, 0, 0, 0
1018, minecraft:village_snowy, HEADING, header:ignore, 0, 0, 0
1019, minecraft:village_taiga, HEADING, header:ignore, 0, 0, 0
1020, ati_structures:villager_inn, HEADING, header:ignore, 0, 0, 0
1021, mvs:villager_statue, HEADING, header:ignore, 0, 0, 0
1022, bosses_of_mass_destruction:void_blossom, HEADING, header:ignore, 0, 0, 0
1023, traveloptics:void_cathedral, HEADING, header:ignore, 0, 0, 0
1024, adamsarsplus:void_fortress, HEADING, header:ignore, 0, 0, 0
1025, adamsarsplus:void_fortress, MONSTER, adamsarsplus:void_mage, 5, 1, 3
1026, adamsarsplus:void_fortress, MONSTER, adamsarsplus:void_mage_knight, 2, 1, 1
1027, alexscaves:volcano, HEADING, header:ignore, 0, 0, 0
1028, mss:volcano, HEADING, header:ignore, 0, 0, 0
1029, ati_structures:warden_monument, HEADING, header:ignore, 0, 0, 0
1030, mns:warped_dome, HEADING, header:ignore, 0, 0, 0
1031, legendary_monsters:warped_fungussus_nest, HEADING, header:ignore, 0, 0, 0
1032, dungeons_plus:warped_garden, HEADING, header:ignore, 0, 0, 0
1033, dungeons_plus:warped_garden, MONSTER, minecraft:drowned, 1, 1, 4
1034, mvs:warped_house, HEADING, header:ignore, 0, 0, 0
1035, mns:warped_pool, HEADING, header:ignore, 0, 0, 0
1036, hearths:warped_tower, HEADING, header:ignore, 0, 0, 0
1037, hearths:warped_tower, MONSTER, minecraft:enderman, 3, 1, 2
1038, hearths:warped_tower, MONSTER, minecraft:piglin, 10, 3, 5
1039, hearths:warped_tower, MONSTER, minecraft:magma_cube, 3, 4, 4
1040, idas:washing_camp, HEADING, header:ignore, 0, 0, 0
1041, dungeons_enhanced:watch_tower, HEADING, header:ignore, 0, 0, 0
1042, ocean_lily_pad_village:watchtower, HEADING, header:ignore, 0, 0, 0
1043, explorify:watchtower/plains, HEADING, header:ignore, 0, 0, 0
1044, explorify:watchtower/savanna, HEADING, header:ignore, 0, 0, 0
1045, explorify:watchtower/taiga, HEADING, header:ignore, 0, 0, 0
1046, supplementaries:way_sign, HEADING, header:ignore, 0, 0, 0
1047, mvs:well, HEADING, header:ignore, 0, 0, 0
1048, mvs:wheat_grain_bin, HEADING, header:ignore, 0, 0, 0
1049, mss:white_house, HEADING, header:ignore, 0, 0, 0
1050, goety:wind_shrine, HEADING, header:ignore, 0, 0, 0
1051, mvs:windmill, HEADING, header:ignore, 0, 0, 0
1052, idas:windswept_shrine, HEADING, header:ignore, 0, 0, 0
1053, underground_rooms:wine_cellar, HEADING, header:ignore, 0, 0, 0
1054, underground_rooms:wine_cellar, MONSTER, minecraft:witch, 1, 1, 2
1055, idas:winter_wagon, HEADING, header:ignore, 0, 0, 0
1056, hexerei:witch_hut, HEADING, header:ignore, 0, 0, 0
1057, dungeons_enhanced:witch_tower, HEADING, header:ignore, 0, 0, 0
1058, idas:witches_treestump, HEADING, header:ignore, 0, 0, 0
1059, idas:witches_treestump, MONSTER, minecraft:witch, 1, 1, 1
1060, idas:witches_treestump, CREATURE, minecraft:cat, 1, 1, 1
1061, ati_structures:wither_cavern, HEADING, header:ignore, 0, 0, 0
1062, ati_structures:wither_keep, HEADING, header:ignore, 0, 0, 0
1063, idas:wizard_tower, HEADING, header:ignore, 0, 0, 0
1064, mvs:wooden_wheat_farm, HEADING, header:ignore, 0, 0, 0
1065, ati_structures:woodland_keep, HEADING, header:ignore, 0, 0, 0
1066, species:wraptor_coop, HEADING, header:ignore, 0, 0, 0
1067, mowziesmobs:wrought_chamber, HEADING, header:ignore, 0, 0, 0
1068, block_factorys_bosses:yeti_hideout, HEADING, header:ignore, 0, 0, 0
1069, betterdungeons:zombie_dungeon, HEADING, header:ignore, 0, 0, 0
1070, betterdungeons:zombie_dungeon, MONSTER, minecraft:zombie, 60, 4, 15
